Build started 3/11/2026 9:13:35 PM.
     1>Project "C:\Users\T H I N K P A D\Documents\Visual Studio 2013\Projects\LevelDevil\LevelDevil\LevelDevil.vcxproj" on node 2 (Build target(s)).
     1>ClCompile:
         C:\Program Files (x86)\Microsoft Visual Studio 12.0\VC\bin\CL.exe /c /ZI /nologo /W3 /WX- /sdl /Od /Oy- /D _MBCS /Gm /EHsc /RTC1 /MDd /GS /fp:precise /Zc:wchar_t /Zc:forScope /Fo"Debug\\" /Fd"Debug\vc120.pdb" /Gd /TP /analyze- /errorReport:prompt iMain.cpp
         iMain.cpp
     1>c:\users\t h i n k p a d\documents\visual studio 2013\projects\leveldevil\leveldevil\imain.cpp(776): warning C4800: 'int' : forcing value to bool 'true' or 'false' (performance warning)
     1>c:\users\t h i n k p a d\documents\visual studio 2013\projects\leveldevil\leveldevil\imain.cpp(785): warning C4800: 'int' : forcing value to bool 'true' or 'false' (performance warning)
     1>c:\users\t h i n k p a d\documents\visual studio 2013\projects\leveldevil\leveldevil\imain.cpp(798): warning C4800: 'int' : forcing value to bool 'true' or 'false' (performance warning)
     1>c:\users\t h i n k p a d\documents\visual studio 2013\projects\leveldevil\leveldevil\imain.cpp(810): warning C4800: 'int' : forcing value to bool 'true' or 'false' (performance warning)
     1>c:\users\t h i n k p a d\documents\visual studio 2013\projects\leveldevil\leveldevil\imain.cpp(821): warning C4800: 'int' : forcing value to bool 'true' or 'false' (performance warning)
     1>c:\users\t h i n k p a d\documents\visual studio 2013\projects\leveldevil\leveldevil\imain.cpp(830): warning C4800: 'int' : forcing value to bool 'true' or 'false' (performance warning)
     1>c:\users\t h i n k p a d\documents\visual studio 2013\projects\leveldevil\leveldevil\imain.cpp(831): warning C4800: 'int' : forcing value to bool 'true' or 'false' (performance warning)
     1>c:\users\t h i n k p a d\documents\visual studio 2013\projects\leveldevil\leveldevil\imain.cpp(840): warning C4800: 'int' : forcing value to bool 'true' or 'false' (performance warning)
       Link:
         C:\Program Files (x86)\Microsoft Visual Studio 12.0\VC\bin\link.exe /ERRORREPORT:PROMPT /OUT:"C:\Users\T H I N K P A D\Documents\Visual Studio 2013\Projects\LevelDevil\Debug\LevelDevil.exe" /INCREMENTAL /NOLOGO kernel32.lib user32.lib gdi32.lib winspool.lib comdlg32.lib advapi32.lib shell32.lib ole32.lib oleaut32.lib uuid.lib odbc32.lib odbccp32.lib /MANIFEST /MANIFESTUAC:"level='asInvoker' uiAccess='false'" /manifest:embed /DEBUG /PDB:"C:\Users\T H I N K P A D\Documents\Visual Studio 2013\Projects\LevelDevil\Debug\LevelDevil.pdb" /TLBID:1 /DYNAMICBASE /NXCOMPAT /IMPLIB:"C:\Users\T H I N K P A D\Documents\Visual Studio 2013\Projects\LevelDevil\Debug\LevelDevil.lib" /MACHINE:X86 Debug\iMain.obj
         Glaux.lib
         GLU32.LIB
         glui32.lib
         glut32.lib
         OPENGL32.LIB
         LevelDevil.vcxproj -> C:\Users\T H I N K P A D\Documents\Visual Studio 2013\Projects\LevelDevil\Debug\LevelDevil.exe
     1>Done Building Project "C:\Users\T H I N K P A D\Documents\Visual Studio 2013\Projects\LevelDevil\LevelDevil\LevelDevil.vcxproj" (Build target(s)).

Build succeeded.

Time Elapsed 00:00:04.67
